// Jest Snapshot v1, https://goo.gl/fbAQLP

exports[`App renders as expected 1`] = `
<div>
  <header
    class="MuiPaper-root MuiAppBar-root MuiAppBar-positionStatic MuiAppBar-colorPrimary MuiPaper-elevation4"
  >
    <div
      class="MuiToolbar-root MuiToolbar-regular MuiToolbar-gutters"
    >
      <div
        class="PrivateSwipeArea-root-14 PrivateSwipeArea-anchorLeft-15"
        style="width: 20px;"
      />
      <div
        class="MuiGrid-root MuiGrid-container MuiGrid-align-items-xs-center MuiGrid-justify-content-xs-space-between"
      >
        <div
          class="MuiGrid-root MuiGrid-item"
        >
          <button
            class="MuiButtonBase-root MuiIconButton-root"
            tabindex="0"
            type="button"
          >
            <span
              class="MuiIconButton-label"
            >
              <svg
                aria-hidden="true"
                class="MuiSvgIcon-root"
                focusable="false"
                viewBox="0 0 24 24"
              >
                <path
                  d="M3 18h18v-2H3v2zm0-5h18v-2H3v2zm0-7v2h18V6H3z"
                />
              </svg>
            </span>
            <span
              class="MuiTouchRipple-root"
            />
          </button>
        </div>
        <div
          class="MuiGrid-root MuiGrid-item"
        >
          <div
            class="MuiGrid-root makeStyles-buttonGroup-1 MuiGrid-container MuiGrid-spacing-xs-2 MuiGrid-align-items-xs-center"
          >
            <div
              class="MuiGrid-root MuiGrid-item"
            >
              <a
                aria-disabled="false"
                class="MuiButtonBase-root MuiIconButton-root"
                href="/"
                role="button"
                tabindex="0"
              >
                <span
                  class="MuiIconButton-label"
                >
                  <svg
                    aria-hidden="true"
                    class="MuiSvgIcon-root"
                    focusable="false"
                    viewBox="0 0 24 24"
                  >
                    <path
                      d="M10 20v-6h4v6h5v-8h3L12 3 2 12h3v8z"
                    />
                  </svg>
                </span>
                <span
                  class="MuiTouchRipple-root"
                />
              </a>
            </div>
            <div
              class="MuiGrid-root MuiGrid-item"
            >
              <button
                class="MuiButtonBase-root MuiIconButton-root"
                tabindex="0"
                title="Switch to dark theme"
                type="button"
              >
                <span
                  class="MuiIconButton-label"
                >
                  <svg
                    aria-hidden="true"
                    class="MuiSvgIcon-root"
                    focusable="false"
                    viewBox="0 0 24 24"
                  >
                    <path
                      d="M22.6 11.29L20 8.69V5c0-.55-.45-1-1-1h-3.69l-2.6-2.6a.9959.9959 0 00-1.41 0L8.69 4H5c-.55 0-1 .45-1 1v3.69l-2.6 2.6c-.39.39-.39 1.02 0 1.41L4 15.3V19c0 .55.45 1 1 1h3.69l2.6 2.6c.39.39 1.02.39 1.41 0l2.6-2.6H19c.55 0 1-.45 1-1v-3.69l2.6-2.6c.39-.39.39-1.03 0-1.42zm-4.68 1.69c-.34 2.12-1.85 3.94-3.88 4.66-1.21.43-2.41.45-3.5.18-.41-.1-.48-.65-.13-.9C11.98 15.84 13 14.04 13 12s-1.02-3.84-2.58-4.92c-.35-.24-.29-.79.13-.9 1.09-.27 2.29-.25 3.5.18 2.02.72 3.54 2.54 3.88 4.66.05.33.07.66.07.98-.01.32-.03.65-.08.98z"
                    />
                  </svg>
                </span>
                <span
                  class="MuiTouchRipple-root"
                />
              </button>
            </div>
            <div
              class="MuiGrid-root MuiGrid-item"
            >
              <div
                class="MuiGrid-root MuiGrid-container MuiGrid-spacing-xs-1 MuiGrid-align-items-xs-center"
              >
                <div
                  class="MuiGrid-root MuiGrid-item"
                >
                  <div
                    class="MuiAvatar-root MuiAvatar-circular makeStyles-profileAvatar-10 MuiAvatar-colorDefault"
                  >
                    <svg
                      aria-hidden="true"
                      class="MuiSvgIcon-root MuiAvatar-fallback"
                      focusable="false"
                      viewBox="0 0 24 24"
                    >
                      <path
                        d="M12 12c2.21 0 4-1.79 4-4s-1.79-4-4-4-4 1.79-4 4 1.79 4 4 4zm0 2c-2.67 0-8 1.34-8 4v2h16v-2c0-2.66-5.33-4-8-4z"
                      />
                    </svg>
                  </div>
                </div>
                <div
                  class="MuiGrid-root MuiGrid-item"
                >
                  <p
                    class="MuiTypography-root MuiTypography-body1 MuiTypography-colorTextPrimary"
                  >
                    testuser
                  </p>
                </div>
              </div>
            </div>
            <div
              class="MuiGrid-root MuiGrid-item"
            >
              <button
                class="MuiButtonBase-root MuiIconButton-root"
                tabindex="0"
                type="button"
              >
                <span
                  class="MuiIconButton-label"
                >
                  <svg
                    aria-hidden="true"
                    class="MuiSvgIcon-root"
                    focusable="false"
                    viewBox="0 0 24 24"
                  >
                    <path
                      d="M7.41 8.59L12 13.17l4.59-4.58L18 10l-6 6-6-6 1.41-1.41z"
                    />
                  </svg>
                </span>
                <span
                  class="MuiTouchRipple-root"
                />
              </button>
            </div>
          </div>
        </div>
      </div>
    </div>
  </header>
  <div
    class="MuiBox-root MuiBox-root-12"
  >
    <div
      class="MuiBox-root MuiBox-root-13"
    >
      <h2
        class="MuiTypography-root MuiTypography-h2 MuiTypography-colorTextPrimary MuiTypography-gutterBottom MuiTypography-alignCenter"
      >
        Welcome!!
      </h2>
      <button
        class="MuiButtonBase-root MuiButton-root MuiButton-contained MuiButton-containedPrimary"
        tabindex="0"
        type="button"
      >
        <span
          class="MuiButton-label"
        >
          Start Journey
        </span>
        <span
          class="MuiTouchRipple-root"
        />
      </button>
    </div>
  </div>
</div>
`;
